Command line invocation:
    /Applications/Xcode.app/Contents/Developer/usr/bin/xcodebuild build -project PeriodontalCharting.xcodeproj -scheme PeriodontalCharting -destination "generic/platform=iOS Simulator"

ComputePackagePrebuildTargetDependencyGraph

Prepare packages

CreateBuildRequest

SendProjectDescription

CreateBuildOperation

ComputeTargetDependencyGraph
note: Building targets in dependency order
note: Target dependency graph (1 target)
    Target 'PeriodontalCharting' in project 'PeriodontalCharting' (no dependencies)

GatherProvisioningInputs

CreateBuildDescription

ExecuteExternalTool /Applications/Xcode.app/Contents/Developer/Toolchains/XcodeDefault.xctoolchain/usr/bin/clang -v -E -dM -isysroot /Applications/Xcode.app/Contents/Developer/Platforms/iPhoneSimulator.platform/Developer/SDKs/iPhoneSimulator26.5.sdk -x c -c /dev/null

ExecuteExternalTool /Applications/Xcode.app/Contents/Developer/usr/bin/actool --print-asset-tag-combinations --output-format xml1 /Users/vio/PycharmProjects/Periodontology/PeriodontalCharting/PeriodontalCharting/Assets.xcassets

ExecuteExternalTool /Applications/Xcode.app/Contents/Developer/usr/bin/actool --version --output-format xml1

ExecuteExternalTool /Applications/Xcode.app/Contents/Developer/Toolchains/XcodeDefault.xctoolchain/usr/bin/swiftc --version

ExecuteExternalTool /Applications/Xcode.app/Contents/Developer/Toolchains/XcodeDefault.xctoolchain/usr/bin/ld -version_details

Build description signature: 0d35aae4223d07783a2f5ab598a90881
Build description path: /Users/vio/Library/Developer/Xcode/DerivedData/PeriodontalCharting-edswgibadruyozgrkbxrlifcyknt/Build/Intermediates.noindex/XCBuildData/0d35aae4223d07783a2f5ab598a90881.xcbuilddata
ClangStatCache /Applications/Xcode.app/Contents/Developer/Toolchains/XcodeDefault.xctoolchain/usr/bin/clang-stat-cache /Applications/Xcode.app/Contents/Developer/Platforms/iPhoneSimulator.platform/Developer/SDKs/iPhoneSimulator26.5.sdk /Users/vio/Library/Developer/Xcode/DerivedData/SDKStatCaches.noindex/iphonesimulator26.5-23F81a-688ef53f1462e2c8f657fdc38a81448f6cfe768891a92b912361537c460fe42b.sdkstatcache
    cd /Users/vio/PycharmProjects/Periodontology/PeriodontalCharting/PeriodontalCharting.xcodeproj
    /Applications/Xcode.app/Contents/Developer/Toolchains/XcodeDefault.xctoolchain/usr/bin/clang-stat-cache /Applications/Xcode.app/Contents/Developer/Platforms/iPhoneSimulator.platform/Developer/SDKs/iPhoneSimulator26.5.sdk -o /Users/vio/Library/Developer/Xcode/DerivedData/SDKStatCaches.noindex/iphonesimulator26.5-23F81a-688ef53f1462e2c8f657fdc38a81448f6cfe768891a92b912361537c460fe42b.sdkstatcache

ProcessInfoPlistFile /Users/vio/Library/Developer/Xcode/DerivedData/PeriodontalCharting-edswgibadruyozgrkbxrlifcyknt/Build/Products/Debug-iphonesimulator/PeriodontalCharting.app/Info.plist /Users/vio/Library/Developer/Xcode/DerivedData/PeriodontalCharting-edswgibadruyozgrkbxrlifcyknt/Build/Intermediates.noindex/PeriodontalCharting.build/Debug-iphonesimulator/PeriodontalCharting.build/empty-PeriodontalCharting.plist (in target 'PeriodontalCharting' from project 'PeriodontalCharting')
    cd /Users/vio/PycharmProjects/Periodontology/PeriodontalCharting
    builtin-infoPlistUtility /Users/vio/Library/Developer/Xcode/DerivedData/PeriodontalCharting-edswgibadruyozgrkbxrlifcyknt/Build/Intermediates.noindex/PeriodontalCharting.build/Debug-iphonesimulator/PeriodontalCharting.build/empty-PeriodontalCharting.plist -producttype com.apple.product-type.application -genpkginfo /Users/vio/Library/Developer/Xcode/DerivedData/PeriodontalCharting-edswgibadruyozgrkbxrlifcyknt/Build/Products/Debug-iphonesimulator/PeriodontalCharting.app/PkgInfo -expandbuildsettings -format binary -platform iphonesimulator -additionalcontentfile /Users/vio/Library/Developer/Xcode/DerivedData/PeriodontalCharting-edswgibadruyozgrkbxrlifcyknt/Build/Intermediates.noindex/PeriodontalCharting.build/Debug-iphonesimulator/PeriodontalCharting.build/assetcatalog_generated_info.plist -o /Users/vio/Library/Developer/Xcode/DerivedData/PeriodontalCharting-edswgibadruyozgrkbxrlifcyknt/Build/Products/Debug-iphonesimulator/PeriodontalCharting.app/Info.plist

CopySwiftLibs /Users/vio/Library/Developer/Xcode/DerivedData/PeriodontalCharting-edswgibadruyozgrkbxrlifcyknt/Build/Products/Debug-iphonesimulator/PeriodontalCharting.app (in target 'PeriodontalCharting' from project 'PeriodontalCharting')
    cd /Users/vio/PycharmProjects/Periodontology/PeriodontalCharting
    builtin-swiftStdLibTool --copy --verbose --sign - --scan-executable /Users/vio/Library/Developer/Xcode/DerivedData/PeriodontalCharting-edswgibadruyozgrkbxrlifcyknt/Build/Products/Debug-iphonesimulator/PeriodontalCharting.app/PeriodontalCharting.debug.dylib --scan-folder /Users/vio/Library/Developer/Xcode/DerivedData/PeriodontalCharting-edswgibadruyozgrkbxrlifcyknt/Build/Products/Debug-iphonesimulator/PeriodontalCharting.app/Frameworks --scan-folder /Users/vio/Library/Developer/Xcode/DerivedData/PeriodontalCharting-edswgibadruyozgrkbxrlifcyknt/Build/Products/Debug-iphonesimulator/PeriodontalCharting.app/PlugIns --scan-folder /Users/vio/Library/Developer/Xcode/DerivedData/PeriodontalCharting-edswgibadruyozgrkbxrlifcyknt/Build/Products/Debug-iphonesimulator/PeriodontalCharting.app/SystemExtensions --scan-folder /Users/vio/Library/Developer/Xcode/DerivedData/PeriodontalCharting-edswgibadruyozgrkbxrlifcyknt/Build/Products/Debug-iphonesimulator/PeriodontalCharting.app/Extensions --platform iphonesimulator --toolchain /var/run/com.apple.security.cryptexd/mnt/com.apple.MobileAsset.MetalToolchain-v17.6.109.0.7UdHpV/Metal.xctoolchain --toolchain /Applications/Xcode.app/Contents/Developer/Toolchains/XcodeDefault.xctoolchain --destination /Users/vio/Library/Developer/Xcode/DerivedData/PeriodontalCharting-edswgibadruyozgrkbxrlifcyknt/Build/Products/Debug-iphonesimulator/PeriodontalCharting.app/Frameworks --strip-bitcode --strip-bitcode-tool /Applications/Xcode.app/Contents/Developer/Toolchains/XcodeDefault.xctoolchain/usr/bin/bitcode_strip --emit-dependency-info /Users/vio/Library/Developer/Xcode/DerivedData/PeriodontalCharting-edswgibadruyozgrkbxrlifcyknt/Build/Intermediates.noindex/PeriodontalCharting.build/Debug-iphonesimulator/PeriodontalCharting.build/SwiftStdLibToolInputDependencies.dep --filter-for-swift-os

** BUILD SUCCEEDED **

